// Jest Snapshot v1, https://goo.gl/fbAQLP

exports[`Header component renders Header 1`] = `
<DocumentFragment>
  <h1>
    X-files Search
    <br />
    <a
      href="/"
    >
      Home
    </a>
  </h1>
</DocumentFragment>
`;
